// Jest Snapshot v1, https://goo.gl/fbAQLP

exports[`Main tests from App Matches the snapshot when a parameter is passed 1`] = `
Object {
  "asFragment": [Function],
  "baseElement": <body>
    <div>
      <div>
        <p>
          Hello
        </p>
        <div
          style="display: flex; flex-direction: column; justify-content: center; align-items: center; align-content: center; width: 170vh; height: 80vh; row-gap: 50px;"
        >
          <div>
            <h2>
              Employee Polls App ðŸ‘‹
            </h2>
          </div>
          <div
            class="dropdown"
            data-testid="login-dropdown"
          >
            <button
              aria-expanded="false"
              class="dropdown-toggle btn btn-primary"
              id="dropdown-basic"
              type="button"
            >
              Select Login User
            </button>
          </div>
        </div>
      </div>
    </div>
  </body>,
  "container": <div>
    <div>
      <p>
        Hello
      </p>
      <div
        style="display: flex; flex-direction: column; justify-content: center; align-items: center; align-content: center; width: 170vh; height: 80vh; row-gap: 50px;"
      >
        <div>
          <h2>
            Employee Polls App ðŸ‘‹
          </h2>
        </div>
        <div
          class="dropdown"
          data-testid="login-dropdown"
        >
          <button
            aria-expanded="false"
            class="dropdown-toggle btn btn-primary"
            id="dropdown-basic"
            type="button"
          >
            Select Login User
          </button>
        </div>
      </div>
    </div>
  </div>,
  "debug": [Function],
  "findAllByAltText": [Function],
  "findAllByDisplayValue": [Function],
  "findAllByLabelText": [Function],
  "findAllByPlaceholderText": [Function],
  "findAllByRole": [Function],
  "findAllByTestId": [Function],
  "findAllByText": [Function],
  "findAllByTitle": [Function],
  "findByAltText": [Function],
  "findByDisplayValue": [Function],
  "findByLabelText": [Function],
  "findByPlaceholderText": [Function],
  "findByRole": [Function],
  "findByTestId": [Function],
  "findByText": [Function],
  "findByTitle": [Function],
  "getAllByAltText": [Function],
  "getAllByDisplayValue": [Function],
  "getAllByLabelText": [Function],
  "getAllByPlaceholderText": [Function],
  "getAllByRole": [Function],
  "getAllByTestId": [Function],
  "getAllByText": [Function],
  "getAllByTitle": [Function],
  "getByAltText": [Function],
  "getByDisplayValue": [Function],
  "getByLabelText": [Function],
  "getByPlaceholderText": [Function],
  "getByRole": [Function],
  "getByTestId": [Function],
  "getByText": [Function],
  "getByTitle": [Function],
  "queryAllByAltText": [Function],
  "queryAllByDisplayValue": [Function],
  "queryAllByLabelText": [Function],
  "queryAllByPlaceholderText": [Function],
  "queryAllByRole": [Function],
  "queryAllByTestId": [Function],
  "queryAllByText": [Function],
  "queryAllByTitle": [Function],
  "queryByAltText": [Function],
  "queryByDisplayValue": [Function],
  "queryByLabelText": [Function],
  "queryByPlaceholderText": [Function],
  "queryByRole": [Function],
  "queryByTestId": [Function],
  "queryByText": [Function],
  "queryByTitle": [Function],
  "rerender": [Function],
  "unmount": [Function],
}
`;

exports[`Main tests from App matches the snapshot when a name is passed 1`] = `
Object {
  "asFragment": [Function],
  "baseElement": <body>
    <div>
      <div>
        <p>
          Hello
        </p>
        <div
          style="display: flex; flex-direction: column; justify-content: center; align-items: center; align-content: center; width: 170vh; height: 80vh; row-gap: 50px;"
        >
          <div>
            <h2>
              Employee Polls App ðŸ‘‹
            </h2>
          </div>
          <div
            class="dropdown"
            data-testid="login-dropdown"
          >
            <button
              aria-expanded="false"
              class="dropdown-toggle btn btn-primary"
              id="dropdown-basic"
              type="button"
            >
              Select Login User
            </button>
          </div>
        </div>
      </div>
    </div>
  </body>,
  "container": <div>
    <div>
      <p>
        Hello
      </p>
      <div
        style="display: flex; flex-direction: column; justify-content: center; align-items: center; align-content: center; width: 170vh; height: 80vh; row-gap: 50px;"
      >
        <div>
          <h2>
            Employee Polls App ðŸ‘‹
          </h2>
        </div>
        <div
          class="dropdown"
          data-testid="login-dropdown"
        >
          <button
            aria-expanded="false"
            class="dropdown-toggle btn btn-primary"
            id="dropdown-basic"
            type="button"
          >
            Select Login User
          </button>
        </div>
      </div>
    </div>
  </div>,
  "debug": [Function],
  "findAllByAltText": [Function],
  "findAllByDisplayValue": [Function],
  "findAllByLabelText": [Function],
  "findAllByPlaceholderText": [Function],
  "findAllByRole": [Function],
  "findAllByTestId": [Function],
  "findAllByText": [Function],
  "findAllByTitle": [Function],
  "findByAltText": [Function],
  "findByDisplayValue": [Function],
  "findByLabelText": [Function],
  "findByPlaceholderText": [Function],
  "findByRole": [Function],
  "findByTestId": [Function],
  "findByText": [Function],
  "findByTitle": [Function],
  "getAllByAltText": [Function],
  "getAllByDisplayValue": [Function],
  "getAllByLabelText": [Function],
  "getAllByPlaceholderText": [Function],
  "getAllByRole": [Function],
  "getAllByTestId": [Function],
  "getAllByText": [Function],
  "getAllByTitle": [Function],
  "getByAltText": [Function],
  "getByDisplayValue": [Function],
  "getByLabelText": [Function],
  "getByPlaceholderText": [Function],
  "getByRole": [Function],
  "getByTestId": [Function],
  "getByText": [Function],
  "getByTitle": [Function],
  "queryAllByAltText": [Function],
  "queryAllByDisplayValue": [Function],
  "queryAllByLabelText": [Function],
  "queryAllByPlaceholderText": [Function],
  "queryAllByRole": [Function],
  "queryAllByTestId": [Function],
  "queryAllByText": [Function],
  "queryAllByTitle": [Function],
  "queryByAltText": [Function],
  "queryByDisplayValue": [Function],
  "queryByLabelText": [Function],
  "queryByPlaceholderText": [Function],
  "queryByRole": [Function],
  "queryByTestId": [Function],
  "queryByText": [Function],
  "queryByTitle": [Function],
  "rerender": [Function],
  "unmount": [Function],
}
`;
